Copyright 1986-2019 Xilinx, Inc. All Rights Reserved.
-----------------------------------------------------------------------------------------------------------------------------
| Tool Version : Vivado v.2019.2 (lin64) Build 2708876 Wed Nov  6 21:39:14 MST 2019
| Date         : Sat Mar  7 19:05:00 2026
| Host         : renzom-virtual-machine running 64-bit Ubuntu 18.04.6 LTS
| Command      : report_utilization -file design_1_wrapper_utilization_placed.rpt -pb design_1_wrapper_utilization_placed.pb
| Design       : design_1_wrapper
| Device       : xczu5egsfvc784-1
| Design State : Fully Placed
-----------------------------------------------------------------------------------------------------------------------------

Utilization Design Information

Table of Contents
-----------------
1. CLB Logic
1.1 Summary of Registers by Type
2. CLB Logic Distribution
3. BLOCKRAM
4. ARITHMETIC
5. I/O
6. CLOCK
7. ADVANCED
8. CONFIGURATION
9. Primitives
10. Black Boxes
11. Instantiated Netlists

1. CLB Logic
------------

+----------------------------+-------+-------+-----------+-------+
|          Site Type         |  Used | Fixed | Available | Util% |
+----------------------------+-------+-------+-----------+-------+
| CLB LUTs                   | 56316 |     0 |    117120 | 48.08 |
|   LUT as Logic             | 54752 |     0 |    117120 | 46.75 |
|   LUT as Memory            |  1564 |     0 |     57600 |  2.72 |
|     LUT as Distributed RAM |   521 |     0 |           |       |
|     LUT as Shift Register  |  1043 |     0 |           |       |
| CLB Registers              | 48896 |     0 |    234240 | 20.87 |
|   Register as Flip Flop    | 48896 |     0 |    234240 | 20.87 |
|   Register as Latch        |     0 |     0 |    234240 |  0.00 |
| CARRY8                     |  5021 |     0 |     14640 | 34.30 |
| F7 Muxes                   |   596 |     0 |     58560 |  1.02 |
| F8 Muxes                   |   288 |     0 |     29280 |  0.98 |
| F9 Muxes                   |     0 |     0 |     14640 |  0.00 |
+----------------------------+-------+-------+-----------+-------+


1.1 Summary of Registers by Type
--------------------------------

+-------+--------------+-------------+--------------+
| Total | Clock Enable | Synchronous | Asynchronous |
+-------+--------------+-------------+--------------+
| 0     |            _ |           - |            - |
| 0     |            _ |           - |          Set |
| 0     |            _ |           - |        Reset |
| 0     |            _ |         Set |            - |
| 0     |            _ |       Reset |            - |
| 0     |          Yes |           - |            - |
| 33    |          Yes |           - |          Set |
| 69    |          Yes |           - |        Reset |
| 2396  |          Yes |         Set |            - |
| 46398 |          Yes |       Reset |            - |
+-------+--------------+-------------+--------------+


2. CLB Logic Distribution
-------------------------

+--------------------------------------------+-------+-------+-----------+-------+
|                  Site Type                 |  Used | Fixed | Available | Util% |
+--------------------------------------------+-------+-------+-----------+-------+
| CLB                                        | 10618 |     0 |     14640 | 72.53 |
|   CLBL                                     |  5507 |     0 |           |       |
|   CLBM                                     |  5111 |     0 |           |       |
| LUT as Logic                               | 54752 |     0 |    117120 | 46.75 |
|   using O5 output only                     |   506 |       |           |       |
|   using O6 output only                     | 43630 |       |           |       |
|   using O5 and O6                          | 10616 |       |           |       |
| LUT as Memory                              |  1564 |     0 |     57600 |  2.72 |
|   LUT as Distributed RAM                   |   521 |     0 |           |       |
|     using O5 output only                   |     0 |       |           |       |
|     using O6 output only                   |     1 |       |           |       |
|     using O5 and O6                        |   520 |       |           |       |
|   LUT as Shift Register                    |  1043 |     0 |           |       |
|     using O5 output only                   |     0 |       |           |       |
|     using O6 output only                   |   754 |       |           |       |
|     using O5 and O6                        |   289 |       |           |       |
| CLB Registers                              | 48896 |     0 |    234240 | 20.87 |
|   Register driven from within the CLB      | 30709 |       |           |       |
|   Register driven from outside the CLB     | 18187 |       |           |       |
|     LUT in front of the register is unused | 11052 |       |           |       |
|     LUT in front of the register is used   |  7135 |       |           |       |
| Unique Control Sets                        |  1003 |       |     29280 |  3.43 |
+--------------------------------------------+-------+-------+-----------+-------+
* Note: Available Control Sets calculated as CLB Registers / 8, Review the Control Sets Report for more information regarding control sets.


3. BLOCKRAM
-----------

+-------------------+------+-------+-----------+--------+
|     Site Type     | Used | Fixed | Available |  Util% |
+-------------------+------+-------+-----------+--------+
| Block RAM Tile    |  144 |     0 |       144 | 100.00 |
|   RAMB36/FIFO*    |  109 |     0 |       144 |  75.69 |
|     RAMB36E2 only |  109 |       |           |        |
|   RAMB18          |   70 |     0 |       288 |  24.31 |
|     RAMB18E2 only |   70 |       |           |        |
| URAM              |    0 |     0 |        64 |   0.00 |
+-------------------+------+-------+-----------+--------+
* Note: Each Block RAM Tile only has one FIFO logic available and therefore can accommodate only one FIFO36E2 or one FIFO18E2. However, if a FIFO18E2 occupies a Block RAM Tile, that tile can still accommodate a RAMB18E2


4. ARITHMETIC
-------------

+----------------+------+-------+-----------+-------+
|    Site Type   | Used | Fixed | Available | Util% |
+----------------+------+-------+-----------+-------+
| DSPs           |  126 |     0 |      1248 | 10.10 |
|   DSP48E2 only |  126 |       |           |       |
+----------------+------+-------+-----------+-------+


5. I/O
------

+------------------+------+-------+-----------+-------+
|     Site Type    | Used | Fixed | Available | Util% |
+------------------+------+-------+-----------+-------+
| Bonded IOB       |    0 |     0 |       252 |  0.00 |
| HPIOB_M          |    0 |     0 |        72 |  0.00 |
| HPIOB_S          |    0 |     0 |        72 |  0.00 |
| HDIOB_M          |    0 |     0 |        48 |  0.00 |
| HDIOB_S          |    0 |     0 |        48 |  0.00 |
| HPIOB_SNGL       |    0 |     0 |        12 |  0.00 |
| HPIOBDIFFINBUF   |    0 |     0 |        96 |  0.00 |
| HPIOBDIFFOUTBUF  |    0 |     0 |        96 |  0.00 |
| HDIOBDIFFINBUF   |    0 |     0 |        48 |  0.00 |
| BITSLICE_CONTROL |    0 |     0 |        32 |  0.00 |
| BITSLICE_RX_TX   |    0 |     0 |       208 |  0.00 |
| BITSLICE_TX      |    0 |     0 |        32 |  0.00 |
| RIU_OR           |    0 |     0 |        16 |  0.00 |
+------------------+------+-------+-----------+-------+


6. CLOCK
--------

+----------------------+------+-------+-----------+-------+
|       Site Type      | Used | Fixed | Available | Util% |
+----------------------+------+-------+-----------+-------+
| GLOBAL CLOCK BUFFERs |    2 |     0 |       352 |  0.57 |
|   BUFGCE             |    1 |     0 |       112 |  0.89 |
|   BUFGCE_DIV         |    0 |     0 |        16 |  0.00 |
|   BUFG_GT            |    0 |     0 |        96 |  0.00 |
|   BUFG_PS            |    1 |     0 |        96 |  1.04 |
|   BUFGCTRL*          |    0 |     0 |        32 |  0.00 |
| PLL                  |    0 |     0 |         8 |  0.00 |
| MMCM                 |    0 |     0 |         4 |  0.00 |
+----------------------+------+-------+-----------+-------+
* Note: Each used BUFGCTRL counts as two GLOBAL CLOCK BUFFERs. This table does not include global clocking resources, only buffer cell usage. See the Clock Utilization Report (report_clock_utilization) for detailed accounting of global clocking resource availability.


7. ADVANCED
-----------

+-----------------+------+-------+-----------+--------+
|    Site Type    | Used | Fixed | Available |  Util% |
+-----------------+------+-------+-----------+--------+
| GTHE4_CHANNEL   |    0 |     0 |         4 |   0.00 |
| GTHE4_COMMON    |    0 |     0 |         1 |   0.00 |
| OBUFDS_GTE4     |    0 |     0 |         2 |   0.00 |
| OBUFDS_GTE4_ADV |    0 |     0 |         2 |   0.00 |
| PCIE40E4        |    0 |     0 |         2 |   0.00 |
| PS8             |    1 |     0 |         1 | 100.00 |
| SYSMONE4        |    0 |     0 |         1 |   0.00 |
+-----------------+------+-------+-----------+--------+


8. CONFIGURATION
----------------

+-------------+------+-------+-----------+-------+
|  Site Type  | Used | Fixed | Available | Util% |
+-------------+------+-------+-----------+-------+
| BSCANE2     |    0 |     0 |         4 |  0.00 |
| DNA_PORTE2  |    0 |     0 |         1 |  0.00 |
| EFUSE_USR   |    0 |     0 |         1 |  0.00 |
| FRAME_ECCE4 |    0 |     0 |         1 |  0.00 |
| ICAPE3      |    0 |     0 |         2 |  0.00 |
| MASTER_JTAG |    0 |     0 |         1 |  0.00 |
| STARTUPE3   |    0 |     0 |         1 |  0.00 |
+-------------+------+-------+-----------+-------+


9. Primitives
-------------

+----------+-------+---------------------+
| Ref Name |  Used | Functional Category |
+----------+-------+---------------------+
| FDRE     | 46398 |            Register |
| LUT6     | 22959 |                 CLB |
| LUT2     | 17279 |                 CLB |
| LUT4     | 12641 |                 CLB |
| LUT3     |  6192 |                 CLB |
| LUT5     |  5682 |                 CLB |
| CARRY8   |  5021 |                 CLB |
| FDSE     |  2396 |            Register |
| SRL16E   |  1297 |                 CLB |
| RAMD32   |   896 |                 CLB |
| LUT1     |   615 |                 CLB |
| MUXF7    |   596 |                 CLB |
| MUXF8    |   288 |                 CLB |
| RAMS32   |   145 |                 CLB |
| DSP48E2  |   126 |          Arithmetic |
| RAMB36E2 |   109 |           Block Ram |
| RAMB18E2 |    70 |           Block Ram |
| FDCE     |    69 |            Register |
| SRLC32E  |    35 |                 CLB |
| FDPE     |    33 |            Register |
| PS8      |     1 |            Advanced |
| BUFG_PS  |     1 |               Clock |
| BUFGCE   |     1 |               Clock |
+----------+-------+---------------------+


10. Black Boxes
---------------

+----------+------+
| Ref Name | Used |
+----------+------+


11. Instantiated Netlists
-------------------------

+------------------------------+------+
|           Ref Name           | Used |
+------------------------------+------+
| design_1_zynq_ultra_ps_e_0_0 |    1 |
| design_1_xbar_0              |    1 |
| design_1_rst_ps8_0_199M_0    |    1 |
| design_1_axi_timer_0_0       |    1 |
| design_1_axi_smc_1_0         |    1 |
| design_1_axi_smc_0           |    1 |
| design_1_auto_pc_0           |    1 |
| design_1_auto_ds_0           |    1 |
| design_1_FracNet_T_0_0       |    1 |
+------------------------------+------+


