Copyright 1986-2022 Xilinx, Inc. All Rights Reserved. Copyright 2022-2024 Advanced Micro Devices, Inc. All Rights Reserved.
-------------------------------------------------------------------------------------------------------------------------------------------------
| Tool Version : Vivado v.2024.2 (lin64) Build 5239630 Fri Nov 08 22:34:34 MST 2024
| Date         : Mon Jul  6 17:13:08 2026
| Host         : renzom running 64-bit Red Hat Enterprise Linux release 9.8 (Plow)
| Command      : report_utilization -file /path/to/FracBNN/xcel-cifar10-kv260/artifacts/vivado_kv260_impl_refine/post_route_util.rpt
| Design       : design_1_wrapper
| Device       : xck26-sfvc784-2LV-c
| Speed File   : -2LV
| Design State : Physopt postRoute
-------------------------------------------------------------------------------------------------------------------------------------------------

Utilization Design Information

Table of Contents
-----------------
1. CLB Logic
1.1 Summary of Registers by Type
2. CLB Logic Distribution
3. BLOCKRAM
4. ARITHMETIC
5. I/O
6. CLOCK
7. ADVANCED
8. CONFIGURATION
9. Primitives
10. Black Boxes
11. Instantiated Netlists

1. CLB Logic
------------

+----------------------------+-------+-------+------------+-----------+-------+
|          Site Type         |  Used | Fixed | Prohibited | Available | Util% |
+----------------------------+-------+-------+------------+-----------+-------+
| CLB LUTs                   | 51904 |     0 |          0 |    117120 | 44.32 |
|   LUT as Logic             | 46672 |     0 |          0 |    117120 | 39.85 |
|   LUT as Memory            |  5232 |     0 |          0 |     57600 |  9.08 |
|     LUT as Distributed RAM |  4334 |     0 |            |           |       |
|     LUT as Shift Register  |   898 |     0 |            |           |       |
| CLB Registers              | 35745 |     0 |          0 |    234240 | 15.26 |
|   Register as Flip Flop    | 35745 |     0 |          0 |    234240 | 15.26 |
|   Register as Latch        |     0 |     0 |          0 |    234240 |  0.00 |
| CARRY8                     |  2004 |     0 |          0 |     14640 | 13.69 |
| F7 Muxes                   |  1317 |     0 |          0 |     58560 |  2.25 |
| F8 Muxes                   |   426 |     0 |          0 |     29280 |  1.45 |
| F9 Muxes                   |     0 |     0 |          0 |     14640 |  0.00 |
+----------------------------+-------+-------+------------+-----------+-------+
* Warning! LUT value is adjusted to account for LUT combining.


1.1 Summary of Registers by Type
--------------------------------

+-------+--------------+-------------+--------------+
| Total | Clock Enable | Synchronous | Asynchronous |
+-------+--------------+-------------+--------------+
| 0     |            _ |           - |            - |
| 0     |            _ |           - |          Set |
| 0     |            _ |           - |        Reset |
| 0     |            _ |         Set |            - |
| 0     |            _ |       Reset |            - |
| 0     |          Yes |           - |            - |
| 0     |          Yes |           - |          Set |
| 66    |          Yes |           - |        Reset |
| 1433  |          Yes |         Set |            - |
| 34246 |          Yes |       Reset |            - |
+-------+--------------+-------------+--------------+


2. CLB Logic Distribution
-------------------------

+--------------------------------------------+-------+-------+------------+-----------+-------+
|                  Site Type                 |  Used | Fixed | Prohibited | Available | Util% |
+--------------------------------------------+-------+-------+------------+-----------+-------+
| CLB                                        | 10211 |     0 |          0 |     14640 | 69.75 |
|   CLBL                                     |  5293 |     0 |            |           |       |
|   CLBM                                     |  4918 |     0 |            |           |       |
| LUT as Logic                               | 46672 |     0 |          0 |    117120 | 39.85 |
|   using O5 output only                     |   409 |       |            |           |       |
|   using O6 output only                     | 36604 |       |            |           |       |
|   using O5 and O6                          |  9659 |       |            |           |       |
| LUT as Memory                              |  5232 |     0 |          0 |     57600 |  9.08 |
|   LUT as Distributed RAM                   |  4334 |     0 |            |           |       |
|     using O5 output only                   |     0 |       |            |           |       |
|     using O6 output only                   |  4014 |       |            |           |       |
|     using O5 and O6                        |   320 |       |            |           |       |
|   LUT as Shift Register                    |   898 |     0 |            |           |       |
|     using O5 output only                   |     0 |       |            |           |       |
|     using O6 output only                   |   436 |       |            |           |       |
|     using O5 and O6                        |   462 |       |            |           |       |
| CLB Registers                              | 35745 |     0 |          0 |    234240 | 15.26 |
|   Register driven from within the CLB      | 16271 |       |            |           |       |
|   Register driven from outside the CLB     | 19474 |       |            |           |       |
|     LUT in front of the register is unused |  9642 |       |            |           |       |
|     LUT in front of the register is used   |  9832 |       |            |           |       |
| Unique Control Sets                        |   776 |       |          0 |     29280 |  2.65 |
+--------------------------------------------+-------+-------+------------+-----------+-------+
* * Note: Available Control Sets calculated as Slices * 2, Review the Control Sets Report for more information regarding control sets.


3. BLOCKRAM
-----------

+-------------------+-------+-------+------------+-----------+-------+
|     Site Type     |  Used | Fixed | Prohibited | Available | Util% |
+-------------------+-------+-------+------------+-----------+-------+
| Block RAM Tile    | 119.5 |     0 |          0 |       144 | 82.99 |
|   RAMB36/FIFO*    |    79 |     0 |          0 |       144 | 54.86 |
|     RAMB36E2 only |    79 |       |            |           |       |
|   RAMB18          |    81 |     0 |          0 |       288 | 28.13 |
|     RAMB18E2 only |    81 |       |            |           |       |
| URAM              |     0 |     0 |          0 |        64 |  0.00 |
+-------------------+-------+-------+------------+-----------+-------+
* Note: Each Block RAM Tile only has one FIFO logic available and therefore can accommodate only one FIFO36E2 or one FIFO18E2. However, if a FIFO18E2 occupies a Block RAM Tile, that tile can still accommodate a RAMB18E2


4. ARITHMETIC
-------------

+----------------+------+-------+------------+-----------+-------+
|    Site Type   | Used | Fixed | Prohibited | Available | Util% |
+----------------+------+-------+------------+-----------+-------+
| DSPs           |  122 |     0 |          0 |      1248 |  9.78 |
|   DSP48E2 only |  122 |       |            |           |       |
+----------------+------+-------+------------+-----------+-------+


5. I/O
------

+------------------+------+-------+------------+-----------+-------+
|     Site Type    | Used | Fixed | Prohibited | Available | Util% |
+------------------+------+-------+------------+-----------+-------+
| Bonded IOB       |    0 |     0 |          0 |       189 |  0.00 |
| HPIOB_M          |    0 |     0 |          0 |        58 |  0.00 |
| HPIOB_S          |    0 |     0 |          0 |        58 |  0.00 |
| HDIOB_M          |    0 |     0 |          0 |        35 |  0.00 |
| HDIOB_S          |    0 |     0 |          0 |        35 |  0.00 |
| HPIOB_SNGL       |    0 |     0 |          0 |         3 |  0.00 |
| HPIOBDIFFINBUF   |    0 |     0 |          0 |        82 |  0.00 |
| HPIOBDIFFOUTBUF  |    0 |     0 |          0 |        82 |  0.00 |
| HDIOBDIFFINBUF   |    0 |     0 |          0 |        35 |  0.00 |
| BITSLICE_CONTROL |    0 |     0 |          0 |        32 |  0.00 |
| BITSLICE_RX_TX   |    0 |     0 |          0 |      1248 |  0.00 |
| BITSLICE_TX      |    0 |     0 |          0 |        32 |  0.00 |
| RIU_OR           |    0 |     0 |          0 |        16 |  0.00 |
+------------------+------+-------+------------+-----------+-------+


6. CLOCK
--------

+------------+------+-------+------------+-----------+-------+
|  Site Type | Used | Fixed | Prohibited | Available | Util% |
+------------+------+-------+------------+-----------+-------+
| BUFGCE     |    2 |     0 |          0 |       112 |  1.79 |
| BUFGCE_DIV |    0 |     0 |          0 |        16 |  0.00 |
| BUFG_GT    |    0 |     0 |          0 |        96 |  0.00 |
| BUFG_PS    |    1 |     0 |          0 |        96 |  1.04 |
| BUFGCTRL*  |    0 |     0 |          0 |        32 |  0.00 |
| PLL        |    0 |     0 |          0 |         8 |  0.00 |
| MMCM       |    0 |     0 |          0 |         4 |  0.00 |
+------------+------+-------+------------+-----------+-------+
* Note: Each used BUFGCTRL counts as two GLOBAL CLOCK BUFFERs. This table does not include global clocking resources, only buffer cell usage. See the Clock Utilization Report (report_clock_utilization) for detailed accounting of global clocking resource availability.


7. ADVANCED
-----------

+-----------------+------+-------+------------+-----------+--------+
|    Site Type    | Used | Fixed | Prohibited | Available |  Util% |
+-----------------+------+-------+------------+-----------+--------+
| GTHE4_CHANNEL   |    0 |     0 |          0 |         4 |   0.00 |
| GTHE4_COMMON    |    0 |     0 |          0 |         1 |   0.00 |
| OBUFDS_GTE4     |    0 |     0 |          0 |         2 |   0.00 |
| OBUFDS_GTE4_ADV |    0 |     0 |          0 |         2 |   0.00 |
| PCIE40E4        |    0 |     0 |          0 |         2 |   0.00 |
| PS8             |    1 |     0 |          0 |         1 | 100.00 |
| SYSMONE4        |    0 |     0 |          0 |         1 |   0.00 |
| VCU             |    0 |     0 |          0 |         1 |   0.00 |
+-----------------+------+-------+------------+-----------+--------+


8. CONFIGURATION
----------------

+-------------+------+-------+------------+-----------+-------+
|  Site Type  | Used | Fixed | Prohibited | Available | Util% |
+-------------+------+-------+------------+-----------+-------+
| BSCANE2     |    0 |     0 |          0 |         4 |  0.00 |
| DNA_PORTE2  |    0 |     0 |          0 |         1 |  0.00 |
| EFUSE_USR   |    0 |     0 |          0 |         1 |  0.00 |
| FRAME_ECCE4 |    0 |     0 |          0 |         1 |  0.00 |
| ICAPE3      |    0 |     0 |          0 |         2 |  0.00 |
| MASTER_JTAG |    0 |     0 |          0 |         1 |  0.00 |
| STARTUPE3   |    0 |     0 |          0 |         1 |  0.00 |
+-------------+------+-------+------------+-----------+-------+


9. Primitives
-------------

+----------+-------+---------------------+
| Ref Name |  Used | Functional Category |
+----------+-------+---------------------+
| FDRE     | 34246 |            Register |
| LUT6     | 23731 |                 CLB |
| LUT2     |  9688 |                 CLB |
| LUT3     |  8401 |                 CLB |
| LUT5     |  7239 |                 CLB |
| LUT4     |  6418 |                 CLB |
| RAMD64E  |  3996 |                 CLB |
| CARRY8   |  2004 |                 CLB |
| FDSE     |  1433 |            Register |
| SRL16E   |  1349 |                 CLB |
| MUXF7    |  1317 |                 CLB |
| LUT1     |   854 |                 CLB |
| RAMD32   |   546 |                 CLB |
| MUXF8    |   426 |                 CLB |
| DSP48E2  |   122 |          Arithmetic |
| RAMS32   |    94 |                 CLB |
| RAMB18E2 |    81 |            BLOCKRAM |
| RAMB36E2 |    79 |            BLOCKRAM |
| FDCE     |    66 |            Register |
| RAMS64E  |    18 |                 CLB |
| SRLC32E  |    11 |                 CLB |
| BUFGCE   |     2 |               Clock |
| PS8      |     1 |            Advanced |
| BUFG_PS  |     1 |               Clock |
+----------+-------+---------------------+


10. Black Boxes
---------------

+----------+------+
| Ref Name | Used |
+----------+------+


11. Instantiated Netlists
-------------------------

+------------------------------+------+
|           Ref Name           | Used |
+------------------------------+------+
| design_1_zynq_ultra_ps_e_0_0 |    1 |
| design_1_rst_ps_0_0          |    1 |
| design_1_axi_smc_result_0    |    1 |
| design_1_axi_smc_img_0       |    1 |
| design_1_axi_smc_ctrl_0      |    1 |
| design_1_FracNet_T_0_0       |    1 |
+------------------------------+------+


