image_addr=0x00000000375b0000
result_addr=0x0000000077b7a000
AP_CTRL before=0x00000004
pack_mode=hi_rev byteswap=0 cacheable=0
sample=0 pred=6 label=6 ok=1 elapsed_ms=0.319
sample=1 pred=9 label=9 ok=1 elapsed_ms=0.329
sample=2 pred=9 label=9 ok=1 elapsed_ms=0.326
sample=3 pred=4 label=4 ok=1 elapsed_ms=0.349
sample=4 pred=1 label=1 ok=1 elapsed_ms=0.319
sample=5 pred=1 label=1 ok=1 elapsed_ms=0.328
sample=6 pred=2 label=2 ok=1 elapsed_ms=0.324
sample=7 pred=7 label=7 ok=1 elapsed_ms=0.329
sample=8 pred=8 label=8 ok=1 elapsed_ms=0.327
sample=9 pred=3 label=3 ok=1 elapsed_ms=0.328
sample=10 pred=4 label=4 ok=1 elapsed_ms=0.319
sample=11 pred=7 label=7 ok=1 elapsed_ms=0.325
sample=12 pred=7 label=7 ok=1 elapsed_ms=0.327
sample=13 pred=2 label=2 ok=1 elapsed_ms=0.322
sample=14 pred=9 label=9 ok=1 elapsed_ms=0.327
sample=15 pred=9 label=9 ok=1 elapsed_ms=0.322
sample=16 pred=9 label=9 ok=1 elapsed_ms=0.326
sample=17 pred=3 label=3 ok=1 elapsed_ms=0.329
sample=18 pred=2 label=2 ok=1 elapsed_ms=0.325
sample=19 pred=6 label=6 ok=1 elapsed_ms=0.325
sample=20 pred=4 label=4 ok=1 elapsed_ms=0.324
sample=21 pred=3 label=3 ok=1 elapsed_ms=0.326
sample=22 pred=6 label=6 ok=1 elapsed_ms=0.327
sample=23 pred=6 label=6 ok=1 elapsed_ms=0.320
sample=24 pred=2 label=2 ok=1 elapsed_ms=0.323
sample=25 pred=6 label=6 ok=1 elapsed_ms=0.324
sample=26 pred=3 label=3 ok=1 elapsed_ms=0.323
sample=27 pred=5 label=5 ok=1 elapsed_ms=0.322
sample=28 pred=4 label=4 ok=1 elapsed_ms=0.319
sample=29 pred=0 label=0 ok=1 elapsed_ms=0.325
sample=30 pred=0 label=0 ok=1 elapsed_ms=0.322
sample=31 pred=9 label=9 ok=1 elapsed_ms=0.323
sample=32 pred=1 label=1 ok=1 elapsed_ms=0.327
sample=33 pred=3 label=3 ok=1 elapsed_ms=0.326
sample=34 pred=4 label=4 ok=1 elapsed_ms=0.324
sample=35 pred=0 label=0 ok=1 elapsed_ms=0.327
sample=36 pred=3 label=3 ok=1 elapsed_ms=0.329
sample=37 pred=7 label=7 ok=1 elapsed_ms=0.328
sample=38 pred=3 label=3 ok=1 elapsed_ms=0.322
sample=39 pred=3 label=3 ok=1 elapsed_ms=0.327
sample=40 pred=5 label=5 ok=1 elapsed_ms=0.329
sample=41 pred=2 label=2 ok=1 elapsed_ms=0.327
sample=42 pred=2 label=2 ok=1 elapsed_ms=0.328
sample=43 pred=7 label=7 ok=1 elapsed_ms=0.323
sample=44 pred=1 label=1 ok=1 elapsed_ms=0.327
sample=45 pred=1 label=1 ok=1 elapsed_ms=0.327
sample=46 pred=1 label=1 ok=1 elapsed_ms=0.322
sample=47 pred=2 label=2 ok=1 elapsed_ms=0.322
sample=48 pred=2 label=2 ok=1 elapsed_ms=0.325
sample=49 pred=0 label=0 ok=1 elapsed_ms=0.321
sample=50 pred=9 label=9 ok=1 elapsed_ms=0.327
sample=51 pred=3 label=5 ok=0 elapsed_ms=0.328
sample=52 pred=7 label=7 ok=1 elapsed_ms=0.324
sample=53 pred=9 label=9 ok=1 elapsed_ms=0.328
sample=54 pred=2 label=2 ok=1 elapsed_ms=0.327
sample=55 pred=2 label=2 ok=1 elapsed_ms=0.327
sample=56 pred=5 label=5 ok=1 elapsed_ms=0.326
sample=57 pred=2 label=2 ok=1 elapsed_ms=0.325
sample=58 pred=4 label=4 ok=1 elapsed_ms=0.321
sample=59 pred=3 label=3 ok=1 elapsed_ms=0.323
sample=60 pred=1 label=1 ok=1 elapsed_ms=0.327
sample=61 pred=1 label=1 ok=1 elapsed_ms=0.326
sample=62 pred=8 label=8 ok=1 elapsed_ms=0.326
sample=63 pred=2 label=2 ok=1 elapsed_ms=0.320
sample=64 pred=1 label=1 ok=1 elapsed_ms=0.328
sample=65 pred=1 label=1 ok=1 elapsed_ms=0.325
sample=66 pred=4 label=4 ok=1 elapsed_ms=0.329
sample=67 pred=9 label=9 ok=1 elapsed_ms=0.323
sample=68 pred=7 label=7 ok=1 elapsed_ms=0.328
sample=69 pred=8 label=8 ok=1 elapsed_ms=0.326
sample=70 pred=5 label=5 ok=1 elapsed_ms=0.324
sample=71 pred=9 label=9 ok=1 elapsed_ms=0.327
sample=72 pred=6 label=6 ok=1 elapsed_ms=0.325
sample=73 pred=7 label=7 ok=1 elapsed_ms=0.328
sample=74 pred=3 label=3 ok=1 elapsed_ms=0.327
sample=75 pred=1 label=1 ok=1 elapsed_ms=0.322
sample=76 pred=9 label=9 ok=1 elapsed_ms=0.324
sample=77 pred=0 label=0 ok=1 elapsed_ms=0.327
sample=78 pred=3 label=3 ok=1 elapsed_ms=0.323
sample=79 pred=1 label=1 ok=1 elapsed_ms=0.327
sample=80 pred=3 label=3 ok=1 elapsed_ms=0.325
sample=81 pred=5 label=5 ok=1 elapsed_ms=0.329
sample=82 pred=4 label=4 ok=1 elapsed_ms=0.327
sample=83 pred=3 label=5 ok=0 elapsed_ms=0.321
sample=84 pred=7 label=7 ok=1 elapsed_ms=0.323
sample=85 pred=7 label=7 ok=1 elapsed_ms=0.329
sample=86 pred=4 label=4 ok=1 elapsed_ms=0.322
sample=87 pred=7 label=7 ok=1 elapsed_ms=0.327
sample=88 pred=9 label=9 ok=1 elapsed_ms=0.327
sample=89 pred=4 label=4 ok=1 elapsed_ms=0.329
sample=90 pred=2 label=2 ok=1 elapsed_ms=0.329
sample=91 pred=3 label=3 ok=1 elapsed_ms=0.324
sample=92 pred=8 label=8 ok=1 elapsed_ms=0.328
sample=93 pred=0 label=0 ok=1 elapsed_ms=0.322
sample=94 pred=1 label=1 ok=1 elapsed_ms=0.321
sample=95 pred=6 label=6 ok=1 elapsed_ms=0.327
sample=96 pred=1 label=1 ok=1 elapsed_ms=0.327
sample=97 pred=1 label=1 ok=1 elapsed_ms=0.326
sample=98 pred=4 label=4 ok=1 elapsed_ms=0.321
sample=99 pred=1 label=1 ok=1 elapsed_ms=0.328
sample=100 pred=8 label=8 ok=1 elapsed_ms=0.328
sample=101 pred=3 label=3 ok=1 elapsed_ms=0.322
sample=102 pred=9 label=9 ok=1 elapsed_ms=0.327
sample=103 pred=6 label=6 ok=1 elapsed_ms=0.321
sample=104 pred=6 label=6 ok=1 elapsed_ms=0.329
sample=105 pred=1 label=1 ok=1 elapsed_ms=0.321
sample=106 pred=8 label=8 ok=1 elapsed_ms=0.329
sample=107 pred=5 label=5 ok=1 elapsed_ms=0.323
sample=108 pred=2 label=2 ok=1 elapsed_ms=0.328
sample=109 pred=9 label=9 ok=1 elapsed_ms=0.320
sample=110 pred=9 label=9 ok=1 elapsed_ms=0.328
sample=111 pred=8 label=8 ok=1 elapsed_ms=0.327
sample=112 pred=1 label=1 ok=1 elapsed_ms=0.327
sample=113 pred=7 label=7 ok=1 elapsed_ms=0.321
sample=114 pred=7 label=7 ok=1 elapsed_ms=0.328
sample=115 pred=0 label=0 ok=1 elapsed_ms=0.328
sample=116 pred=0 label=0 ok=1 elapsed_ms=0.327
sample=117 pred=6 label=6 ok=1 elapsed_ms=0.321
sample=118 pred=9 label=9 ok=1 elapsed_ms=0.330
sample=119 pred=1 label=1 ok=1 elapsed_ms=0.328
sample=120 pred=2 label=2 ok=1 elapsed_ms=0.329
sample=121 pred=2 label=2 ok=1 elapsed_ms=0.328
sample=122 pred=9 label=9 ok=1 elapsed_ms=0.328
sample=123 pred=2 label=2 ok=1 elapsed_ms=0.329
sample=124 pred=6 label=6 ok=1 elapsed_ms=0.329
sample=125 pred=6 label=6 ok=1 elapsed_ms=0.327
sample=126 pred=1 label=1 ok=1 elapsed_ms=0.329
sample=127 pred=9 label=9 ok=1 elapsed_ms=0.327
sample=128 pred=5 label=5 ok=1 elapsed_ms=0.325
sample=129 pred=0 label=0 ok=1 elapsed_ms=0.327
sample=130 pred=2 label=4 ok=0 elapsed_ms=0.328
sample=131 pred=7 label=7 ok=1 elapsed_ms=0.328
sample=132 pred=6 label=6 ok=1 elapsed_ms=0.322
sample=133 pred=7 label=7 ok=1 elapsed_ms=0.321
sample=134 pred=1 label=1 ok=1 elapsed_ms=0.327
sample=135 pred=8 label=8 ok=1 elapsed_ms=0.326
sample=136 pred=1 label=1 ok=1 elapsed_ms=0.321
sample=137 pred=1 label=1 ok=1 elapsed_ms=0.321
sample=138 pred=2 label=2 ok=1 elapsed_ms=0.329
sample=139 pred=8 label=8 ok=1 elapsed_ms=0.328
sample=140 pred=1 label=1 ok=1 elapsed_ms=0.325
sample=141 pred=3 label=3 ok=1 elapsed_ms=0.327
sample=142 pred=3 label=3 ok=1 elapsed_ms=0.323
sample=143 pred=6 label=6 ok=1 elapsed_ms=0.324
sample=144 pred=2 label=2 ok=1 elapsed_ms=0.329
sample=145 pred=4 label=4 ok=1 elapsed_ms=0.329
sample=146 pred=9 label=9 ok=1 elapsed_ms=0.322
sample=147 pred=9 label=9 ok=1 elapsed_ms=0.324
sample=148 pred=5 label=5 ok=1 elapsed_ms=0.326
sample=149 pred=4 label=4 ok=1 elapsed_ms=0.326
sample=150 pred=3 label=3 ok=1 elapsed_ms=0.328
sample=151 pred=6 label=6 ok=1 elapsed_ms=0.325
sample=152 pred=7 label=7 ok=1 elapsed_ms=0.321
sample=153 pred=4 label=4 ok=1 elapsed_ms=0.323
sample=154 pred=6 label=6 ok=1 elapsed_ms=0.326
sample=155 pred=8 label=8 ok=1 elapsed_ms=0.327
sample=156 pred=5 label=5 ok=1 elapsed_ms=0.329
sample=157 pred=5 label=5 ok=1 elapsed_ms=0.326
sample=158 pred=4 label=4 ok=1 elapsed_ms=0.325
sample=159 pred=3 label=3 ok=1 elapsed_ms=0.326
sample=160 pred=1 label=1 ok=1 elapsed_ms=0.329
sample=161 pred=8 label=8 ok=1 elapsed_ms=0.321
sample=162 pred=4 label=4 ok=1 elapsed_ms=0.323
sample=163 pred=7 label=7 ok=1 elapsed_ms=0.328
sample=164 pred=6 label=6 ok=1 elapsed_ms=0.326
sample=165 pred=0 label=0 ok=1 elapsed_ms=0.320
sample=166 pred=9 label=9 ok=1 elapsed_ms=0.328
sample=167 pred=5 label=5 ok=1 elapsed_ms=0.325
sample=168 pred=1 label=1 ok=1 elapsed_ms=0.329
sample=169 pred=3 label=3 ok=1 elapsed_ms=0.327
sample=170 pred=8 label=8 ok=1 elapsed_ms=0.328
sample=171 pred=2 label=2 ok=1 elapsed_ms=0.321
sample=172 pred=7 label=7 ok=1 elapsed_ms=0.325
sample=173 pred=5 label=5 ok=1 elapsed_ms=0.321
sample=174 pred=3 label=3 ok=1 elapsed_ms=0.320
sample=175 pred=4 label=4 ok=1 elapsed_ms=0.326
sample=176 pred=1 label=1 ok=1 elapsed_ms=0.325
sample=177 pred=5 label=5 ok=1 elapsed_ms=0.329
sample=178 pred=7 label=7 ok=1 elapsed_ms=0.324
sample=179 pred=0 label=0 ok=1 elapsed_ms=0.329
sample=180 pred=4 label=4 ok=1 elapsed_ms=0.323
sample=181 pred=7 label=7 ok=1 elapsed_ms=0.328
sample=182 pred=5 label=5 ok=1 elapsed_ms=0.365
sample=183 pred=5 label=5 ok=1 elapsed_ms=0.324
sample=184 pred=1 label=1 ok=1 elapsed_ms=0.323
sample=185 pred=0 label=0 ok=1 elapsed_ms=0.322
sample=186 pred=9 label=9 ok=1 elapsed_ms=0.329
sample=187 pred=6 label=6 ok=1 elapsed_ms=0.324
sample=188 pred=9 label=9 ok=1 elapsed_ms=0.322
sample=189 pred=0 label=0 ok=1 elapsed_ms=0.328
sample=190 pred=8 label=8 ok=1 elapsed_ms=0.321
sample=191 pred=7 label=7 ok=1 elapsed_ms=0.327
sample=192 pred=8 label=8 ok=1 elapsed_ms=0.325
sample=193 pred=8 label=8 ok=1 elapsed_ms=0.321
sample=194 pred=2 label=2 ok=1 elapsed_ms=0.328
sample=195 pred=5 label=5 ok=1 elapsed_ms=0.324
sample=196 pred=2 label=2 ok=1 elapsed_ms=0.321
sample=197 pred=3 label=3 ok=1 elapsed_ms=0.323
sample=198 pred=5 label=5 ok=1 elapsed_ms=0.320
sample=199 pred=0 label=0 ok=1 elapsed_ms=0.325
sample=200 pred=6 label=6 ok=1 elapsed_ms=0.322
sample=201 pred=1 label=1 ok=1 elapsed_ms=0.329
sample=202 pred=9 label=9 ok=1 elapsed_ms=0.329
sample=203 pred=3 label=3 ok=1 elapsed_ms=0.328
sample=204 pred=6 label=6 ok=1 elapsed_ms=0.328
sample=205 pred=9 label=9 ok=1 elapsed_ms=0.327
sample=206 pred=1 label=1 ok=1 elapsed_ms=0.320
sample=207 pred=3 label=3 ok=1 elapsed_ms=0.322
sample=208 pred=9 label=9 ok=1 elapsed_ms=0.328
sample=209 pred=6 label=6 ok=1 elapsed_ms=0.326
sample=210 pred=6 label=6 ok=1 elapsed_ms=0.322
sample=211 pred=7 label=7 ok=1 elapsed_ms=0.329
sample=212 pred=1 label=1 ok=1 elapsed_ms=0.324
sample=213 pred=0 label=0 ok=1 elapsed_ms=0.325
sample=214 pred=9 label=9 ok=1 elapsed_ms=0.327
sample=215 pred=5 label=5 ok=1 elapsed_ms=0.329
sample=216 pred=8 label=8 ok=1 elapsed_ms=0.329
sample=217 pred=5 label=5 ok=1 elapsed_ms=0.323
sample=218 pred=2 label=2 ok=1 elapsed_ms=0.324
sample=219 pred=9 label=9 ok=1 elapsed_ms=0.326
sample=220 pred=0 label=0 ok=1 elapsed_ms=0.329
sample=221 pred=8 label=8 ok=1 elapsed_ms=0.329
sample=222 pred=8 label=8 ok=1 elapsed_ms=0.320
sample=223 pred=0 label=0 ok=1 elapsed_ms=0.318
sample=224 pred=6 label=6 ok=1 elapsed_ms=0.323
sample=225 pred=9 label=9 ok=1 elapsed_ms=0.320
sample=226 pred=1 label=1 ok=1 elapsed_ms=0.321
sample=227 pred=1 label=1 ok=1 elapsed_ms=0.324
sample=228 pred=6 label=6 ok=1 elapsed_ms=0.320
sample=229 pred=3 label=3 ok=1 elapsed_ms=0.326
sample=230 pred=7 label=7 ok=1 elapsed_ms=0.328
sample=231 pred=6 label=6 ok=1 elapsed_ms=0.328
sample=232 pred=6 label=6 ok=1 elapsed_ms=0.326
sample=233 pred=0 label=0 ok=1 elapsed_ms=0.329
sample=234 pred=6 label=6 ok=1 elapsed_ms=0.325
sample=235 pred=6 label=6 ok=1 elapsed_ms=0.327
sample=236 pred=1 label=1 ok=1 elapsed_ms=0.327
sample=237 pred=7 label=7 ok=1 elapsed_ms=0.324
sample=238 pred=1 label=1 ok=1 elapsed_ms=0.321
sample=239 pred=5 label=5 ok=1 elapsed_ms=0.328
sample=240 pred=8 label=8 ok=1 elapsed_ms=0.327
sample=241 pred=3 label=3 ok=1 elapsed_ms=0.329
sample=242 pred=6 label=6 ok=1 elapsed_ms=0.320
sample=243 pred=6 label=6 ok=1 elapsed_ms=0.323
sample=244 pred=8 label=8 ok=1 elapsed_ms=0.327
sample=245 pred=6 label=6 ok=1 elapsed_ms=0.320
sample=246 pred=8 label=8 ok=1 elapsed_ms=0.323
sample=247 pred=4 label=4 ok=1 elapsed_ms=0.325
sample=248 pred=2 label=6 ok=0 elapsed_ms=0.329
sample=249 pred=6 label=6 ok=1 elapsed_ms=0.328
sample=250 pred=1 label=1 ok=1 elapsed_ms=0.327
sample=251 pred=3 label=3 ok=1 elapsed_ms=0.327
sample=252 pred=8 label=8 ok=1 elapsed_ms=0.323
sample=253 pred=3 label=3 ok=1 elapsed_ms=0.322
sample=254 pred=4 label=4 ok=1 elapsed_ms=0.319
sample=255 pred=1 label=1 ok=1 elapsed_ms=0.321
sample=256 pred=7 label=7 ok=1 elapsed_ms=0.357
sample=257 pred=1 label=1 ok=1 elapsed_ms=0.323
sample=258 pred=5 label=3 ok=0 elapsed_ms=0.321
sample=259 pred=8 label=8 ok=1 elapsed_ms=0.329
sample=260 pred=5 label=5 ok=1 elapsed_ms=0.328
sample=261 pred=1 label=1 ok=1 elapsed_ms=0.330
sample=262 pred=1 label=1 ok=1 elapsed_ms=0.322
sample=263 pred=4 label=4 ok=1 elapsed_ms=0.321
sample=264 pred=0 label=0 ok=1 elapsed_ms=0.325
sample=265 pred=9 label=9 ok=1 elapsed_ms=0.329
sample=266 pred=3 label=3 ok=1 elapsed_ms=0.327
sample=267 pred=7 label=7 ok=1 elapsed_ms=0.324
sample=268 pred=4 label=4 ok=1 elapsed_ms=0.329
sample=269 pred=9 label=9 ok=1 elapsed_ms=0.321
sample=270 pred=9 label=9 ok=1 elapsed_ms=0.328
sample=271 pred=2 label=2 ok=1 elapsed_ms=0.324
sample=272 pred=4 label=4 ok=1 elapsed_ms=0.324
sample=273 pred=9 label=9 ok=1 elapsed_ms=0.328
sample=274 pred=9 label=9 ok=1 elapsed_ms=0.327
sample=275 pred=1 label=1 ok=1 elapsed_ms=0.322
sample=276 pred=0 label=0 ok=1 elapsed_ms=0.321
sample=277 pred=5 label=5 ok=1 elapsed_ms=0.325
sample=278 pred=9 label=9 ok=1 elapsed_ms=0.327
sample=279 pred=0 label=0 ok=1 elapsed_ms=0.329
sample=280 pred=8 label=8 ok=1 elapsed_ms=0.325
sample=281 pred=2 label=2 ok=1 elapsed_ms=0.325
sample=282 pred=1 label=1 ok=1 elapsed_ms=0.329
sample=283 pred=6 label=2 ok=0 elapsed_ms=0.325
sample=284 pred=0 label=0 ok=1 elapsed_ms=0.328
sample=285 pred=5 label=5 ok=1 elapsed_ms=0.329
sample=286 pred=6 label=6 ok=1 elapsed_ms=0.322
sample=287 pred=3 label=3 ok=1 elapsed_ms=0.329
sample=288 pred=2 label=2 ok=1 elapsed_ms=0.327
sample=289 pred=7 label=7 ok=1 elapsed_ms=0.328
sample=290 pred=8 label=8 ok=1 elapsed_ms=0.325
sample=291 pred=8 label=8 ok=1 elapsed_ms=0.323
sample=292 pred=6 label=6 ok=1 elapsed_ms=0.321
sample=293 pred=0 label=0 ok=1 elapsed_ms=0.329
sample=294 pred=7 label=7 ok=1 elapsed_ms=0.327
sample=295 pred=9 label=9 ok=1 elapsed_ms=0.327
sample=296 pred=4 label=4 ok=1 elapsed_ms=0.323
sample=297 pred=5 label=5 ok=1 elapsed_ms=0.328
sample=298 pred=6 label=6 ok=1 elapsed_ms=0.326
sample=299 pred=4 label=4 ok=1 elapsed_ms=0.328
sample=300 pred=2 label=2 ok=1 elapsed_ms=0.321
sample=301 pred=1 label=1 ok=1 elapsed_ms=0.388
sample=302 pred=1 label=1 ok=1 elapsed_ms=0.322
sample=303 pred=4 label=2 ok=0 elapsed_ms=0.327
sample=304 pred=1 label=1 ok=1 elapsed_ms=0.321
sample=305 pred=5 label=5 ok=1 elapsed_ms=0.327
sample=306 pred=9 label=9 ok=1 elapsed_ms=0.322
sample=307 pred=9 label=9 ok=1 elapsed_ms=0.324
sample=308 pred=0 label=0 ok=1 elapsed_ms=0.322
sample=309 pred=8 label=8 ok=1 elapsed_ms=0.321
sample=310 pred=4 label=4 ok=1 elapsed_ms=0.326
sample=311 pred=1 label=1 ok=1 elapsed_ms=0.327
sample=312 pred=1 label=1 ok=1 elapsed_ms=0.329
sample=313 pred=6 label=6 ok=1 elapsed_ms=0.323
sample=314 pred=3 label=3 ok=1 elapsed_ms=0.348
sample=315 pred=3 label=3 ok=1 elapsed_ms=0.328
sample=316 pred=9 label=9 ok=1 elapsed_ms=0.323
sample=317 pred=0 label=0 ok=1 elapsed_ms=0.322
sample=318 pred=7 label=7 ok=1 elapsed_ms=0.329
sample=319 pred=9 label=9 ok=1 elapsed_ms=0.322
sample=320 pred=7 label=7 ok=1 elapsed_ms=0.321
sample=321 pred=7 label=7 ok=1 elapsed_ms=0.325
sample=322 pred=9 label=9 ok=1 elapsed_ms=0.327
sample=323 pred=1 label=1 ok=1 elapsed_ms=0.328
sample=324 pred=5 label=5 ok=1 elapsed_ms=0.328
sample=325 pred=1 label=1 ok=1 elapsed_ms=0.321
sample=326 pred=6 label=6 ok=1 elapsed_ms=0.327
sample=327 pred=6 label=6 ok=1 elapsed_ms=0.325
sample=328 pred=8 label=8 ok=1 elapsed_ms=0.330
sample=329 pred=7 label=7 ok=1 elapsed_ms=0.322
sample=330 pred=1 label=1 ok=1 elapsed_ms=0.328
sample=331 pred=3 label=3 ok=1 elapsed_ms=0.322
sample=332 pred=0 label=0 ok=1 elapsed_ms=0.324
sample=333 pred=3 label=3 ok=1 elapsed_ms=0.327
sample=334 pred=3 label=3 ok=1 elapsed_ms=0.325
sample=335 pred=2 label=2 ok=1 elapsed_ms=0.327
sample=336 pred=4 label=4 ok=1 elapsed_ms=0.323
sample=337 pred=5 label=5 ok=1 elapsed_ms=0.328
sample=338 pred=7 label=7 ok=1 elapsed_ms=0.328
sample=339 pred=5 label=5 ok=1 elapsed_ms=0.328
sample=340 pred=9 label=9 ok=1 elapsed_ms=0.326
sample=341 pred=0 label=0 ok=1 elapsed_ms=0.321
sample=342 pred=3 label=3 ok=1 elapsed_ms=0.324
sample=343 pred=4 label=4 ok=1 elapsed_ms=0.324
sample=344 pred=0 label=0 ok=1 elapsed_ms=0.328
sample=345 pred=4 label=4 ok=1 elapsed_ms=0.327
sample=346 pred=4 label=4 ok=1 elapsed_ms=0.326
sample=347 pred=6 label=6 ok=1 elapsed_ms=0.329
sample=348 pred=0 label=0 ok=1 elapsed_ms=0.321
sample=349 pred=0 label=0 ok=1 elapsed_ms=0.328
sample=350 pred=6 label=6 ok=1 elapsed_ms=0.329
sample=351 pred=6 label=6 ok=1 elapsed_ms=0.325
sample=352 pred=0 label=0 ok=1 elapsed_ms=0.323
sample=353 pred=8 label=8 ok=1 elapsed_ms=0.321
sample=354 pred=1 label=1 ok=1 elapsed_ms=0.329
sample=355 pred=6 label=6 ok=1 elapsed_ms=0.327
sample=356 pred=2 label=2 ok=1 elapsed_ms=0.327
sample=357 pred=9 label=9 ok=1 elapsed_ms=0.327
sample=358 pred=2 label=2 ok=1 elapsed_ms=0.327
sample=359 pred=5 label=5 ok=1 elapsed_ms=0.329
sample=360 pred=9 label=9 ok=1 elapsed_ms=0.328
sample=361 pred=6 label=6 ok=1 elapsed_ms=0.323
sample=362 pred=7 label=7 ok=1 elapsed_ms=0.328
sample=363 pred=4 label=4 ok=1 elapsed_ms=0.326
sample=364 pred=1 label=1 ok=1 elapsed_ms=0.328
sample=365 pred=8 label=8 ok=1 elapsed_ms=0.329
sample=366 pred=7 label=7 ok=1 elapsed_ms=0.326
sample=367 pred=3 label=3 ok=1 elapsed_ms=0.329
sample=368 pred=6 label=6 ok=1 elapsed_ms=0.321
sample=369 pred=9 label=9 ok=1 elapsed_ms=0.328
sample=370 pred=3 label=3 ok=1 elapsed_ms=0.329
sample=371 pred=0 label=0 ok=1 elapsed_ms=0.324
sample=372 pred=4 label=4 ok=1 elapsed_ms=0.322
sample=373 pred=0 label=0 ok=1 elapsed_ms=0.328
sample=374 pred=5 label=5 ok=1 elapsed_ms=0.329
sample=375 pred=1 label=1 ok=1 elapsed_ms=0.328
sample=376 pred=0 label=0 ok=1 elapsed_ms=0.325
sample=377 pred=3 label=3 ok=1 elapsed_ms=0.329
sample=378 pred=4 label=4 ok=1 elapsed_ms=0.328
sample=379 pred=8 label=8 ok=1 elapsed_ms=0.325
sample=380 pred=5 label=5 ok=1 elapsed_ms=0.322
sample=381 pred=4 label=4 ok=1 elapsed_ms=0.326
sample=382 pred=7 label=7 ok=1 elapsed_ms=0.322
sample=383 pred=2 label=2 ok=1 elapsed_ms=0.316
sample=384 pred=3 label=3 ok=1 elapsed_ms=0.321
sample=385 pred=9 label=9 ok=1 elapsed_ms=0.329
sample=386 pred=7 label=7 ok=1 elapsed_ms=0.327
sample=387 pred=6 label=6 ok=1 elapsed_ms=0.322
sample=388 pred=7 label=7 ok=1 elapsed_ms=0.328
sample=389 pred=1 label=1 ok=1 elapsed_ms=0.330
sample=390 pred=4 label=4 ok=1 elapsed_ms=0.328
sample=391 pred=7 label=7 ok=1 elapsed_ms=0.324
sample=392 pred=0 label=0 ok=1 elapsed_ms=0.327
sample=393 pred=1 label=1 ok=1 elapsed_ms=0.329
sample=394 pred=7 label=7 ok=1 elapsed_ms=0.327
sample=395 pred=3 label=3 ok=1 elapsed_ms=0.328
sample=396 pred=1 label=1 ok=1 elapsed_ms=0.323
sample=397 pred=8 label=8 ok=1 elapsed_ms=0.327
sample=398 pred=4 label=4 ok=1 elapsed_ms=0.327
sample=399 pred=4 label=4 ok=1 elapsed_ms=0.326
sample=400 pred=2 label=2 ok=1 elapsed_ms=0.326
sample=401 pred=0 label=0 ok=1 elapsed_ms=0.323
sample=402 pred=2 label=2 ok=1 elapsed_ms=0.326
sample=403 pred=2 label=2 ok=1 elapsed_ms=0.324
sample=404 pred=0 label=0 ok=1 elapsed_ms=0.327
sample=405 pred=0 label=0 ok=1 elapsed_ms=0.327
sample=406 pred=9 label=9 ok=1 elapsed_ms=0.324
sample=407 pred=0 label=0 ok=1 elapsed_ms=0.328
sample=408 pred=9 label=9 ok=1 elapsed_ms=0.328
sample=409 pred=6 label=6 ok=1 elapsed_ms=0.328
sample=410 pred=8 label=8 ok=1 elapsed_ms=0.327
sample=411 pred=2 label=2 ok=1 elapsed_ms=0.326
sample=412 pred=7 label=7 ok=1 elapsed_ms=0.321
sample=413 pred=7 label=7 ok=1 elapsed_ms=0.329
sample=414 pred=4 label=4 ok=1 elapsed_ms=0.327
sample=415 pred=0 label=0 ok=1 elapsed_ms=0.329
sample=416 pred=3 label=3 ok=1 elapsed_ms=0.325
sample=417 pred=0 label=0 ok=1 elapsed_ms=0.329
sample=418 pred=8 label=8 ok=1 elapsed_ms=0.328
sample=419 pred=9 label=9 ok=1 elapsed_ms=0.329
sample=420 pred=4 label=4 ok=1 elapsed_ms=0.330
sample=421 pred=2 label=2 ok=1 elapsed_ms=0.323
sample=422 pred=7 label=7 ok=1 elapsed_ms=0.329
sample=423 pred=2 label=2 ok=1 elapsed_ms=0.327
sample=424 pred=5 label=5 ok=1 elapsed_ms=0.327
sample=425 pred=2 label=2 ok=1 elapsed_ms=0.328
sample=426 pred=5 label=5 ok=1 elapsed_ms=0.323
sample=427 pred=1 label=1 ok=1 elapsed_ms=0.329
sample=428 pred=9 label=9 ok=1 elapsed_ms=0.328
sample=429 pred=4 label=4 ok=1 elapsed_ms=0.329
sample=430 pred=8 label=8 ok=1 elapsed_ms=0.320
sample=431 pred=5 label=5 ok=1 elapsed_ms=0.323
sample=432 pred=1 label=1 ok=1 elapsed_ms=0.324
sample=433 pred=7 label=7 ok=1 elapsed_ms=0.326
sample=434 pred=4 label=4 ok=1 elapsed_ms=0.321
sample=435 pred=4 label=4 ok=1 elapsed_ms=0.329
sample=436 pred=0 label=0 ok=1 elapsed_ms=0.325
sample=437 pred=6 label=6 ok=1 elapsed_ms=0.322
sample=438 pred=9 label=9 ok=1 elapsed_ms=0.327
sample=439 pred=0 label=0 ok=1 elapsed_ms=0.322
sample=440 pred=7 label=7 ok=1 elapsed_ms=0.327
sample=441 pred=8 label=8 ok=1 elapsed_ms=0.323
sample=442 pred=8 label=8 ok=1 elapsed_ms=0.329
sample=443 pred=9 label=9 ok=1 elapsed_ms=0.329
sample=444 pred=9 label=9 ok=1 elapsed_ms=0.329
sample=445 pred=3 label=3 ok=1 elapsed_ms=0.329
sample=446 pred=3 label=3 ok=1 elapsed_ms=0.325
sample=447 pred=4 label=4 ok=1 elapsed_ms=0.327
sample=448 pred=0 label=0 ok=1 elapsed_ms=0.328
sample=449 pred=4 label=4 ok=1 elapsed_ms=0.328
sample=450 pred=5 label=5 ok=1 elapsed_ms=0.328
sample=451 pred=6 label=6 ok=1 elapsed_ms=0.326
sample=452 pred=6 label=6 ok=1 elapsed_ms=0.327
sample=453 pred=0 label=0 ok=1 elapsed_ms=0.325
sample=454 pred=1 label=1 ok=1 elapsed_ms=0.327
sample=455 pred=0 label=0 ok=1 elapsed_ms=0.329
sample=456 pred=8 label=8 ok=1 elapsed_ms=0.320
sample=457 pred=0 label=0 ok=1 elapsed_ms=0.328
sample=458 pred=4 label=4 ok=1 elapsed_ms=0.329
sample=459 pred=0 label=8 ok=0 elapsed_ms=0.321
sample=460 pred=8 label=8 ok=1 elapsed_ms=0.328
sample=461 pred=1 label=1 ok=1 elapsed_ms=0.323
sample=462 pred=5 label=5 ok=1 elapsed_ms=0.321
sample=463 pred=2 label=2 ok=1 elapsed_ms=0.329
sample=464 pred=6 label=6 ok=1 elapsed_ms=0.322
sample=465 pred=8 label=8 ok=1 elapsed_ms=0.322
sample=466 pred=1 label=1 ok=1 elapsed_ms=0.327
sample=467 pred=0 label=0 ok=1 elapsed_ms=0.321
sample=468 pred=0 label=0 ok=1 elapsed_ms=0.321
sample=469 pred=7 label=7 ok=1 elapsed_ms=0.329
sample=470 pred=7 label=7 ok=1 elapsed_ms=0.321
sample=471 pred=5 label=5 ok=1 elapsed_ms=0.326
sample=472 pred=9 label=9 ok=1 elapsed_ms=0.321
sample=473 pred=6 label=6 ok=1 elapsed_ms=0.321
sample=474 pred=3 label=2 ok=0 elapsed_ms=0.328
sample=475 pred=8 label=8 ok=1 elapsed_ms=0.328
sample=476 pred=3 label=3 ok=1 elapsed_ms=0.322
sample=477 pred=4 label=4 ok=1 elapsed_ms=0.328
sample=478 pred=3 label=7 ok=0 elapsed_ms=0.322
sample=479 pred=3 label=3 ok=1 elapsed_ms=0.326
sample=480 pred=9 label=9 ok=1 elapsed_ms=0.321
sample=481 pred=0 label=0 ok=1 elapsed_ms=0.324
sample=482 pred=1 label=1 ok=1 elapsed_ms=0.328
sample=483 pred=2 label=2 ok=1 elapsed_ms=0.329
sample=484 pred=4 label=4 ok=1 elapsed_ms=0.328
sample=485 pred=8 label=8 ok=1 elapsed_ms=0.324
sample=486 pred=1 label=1 ok=1 elapsed_ms=0.326
sample=487 pred=8 label=8 ok=1 elapsed_ms=0.325
sample=488 pred=6 label=6 ok=1 elapsed_ms=0.326
sample=489 pred=4 label=4 ok=1 elapsed_ms=0.324
sample=490 pred=4 label=4 ok=1 elapsed_ms=0.327
sample=491 pred=5 label=5 ok=1 elapsed_ms=0.326
sample=492 pred=7 label=7 ok=1 elapsed_ms=0.318
sample=493 pred=1 label=1 ok=1 elapsed_ms=0.329
sample=494 pred=3 label=3 ok=1 elapsed_ms=0.328
sample=495 pred=9 label=9 ok=1 elapsed_ms=0.326
sample=496 pred=8 label=8 ok=1 elapsed_ms=0.321
sample=497 pred=0 label=0 ok=1 elapsed_ms=0.328
sample=498 pred=1 label=1 ok=1 elapsed_ms=0.328
sample=499 pred=7 label=7 ok=1 elapsed_ms=0.326
AP_CTRL after=0x0000000e
avg_elapsed_ms=0.326
kernel_polling_fps=3069.363
accuracy=490/500 = 98.00%
