image_addr=0x00000000375b0000
result_addr=0x00000000774e0000
AP_CTRL before=0x00000004
pack_mode=hi_rev byteswap=0 cacheable=0
sample=0 pred=6 label=6 ok=1 elapsed_ms=0.324
sample=1 pred=9 label=9 ok=1 elapsed_ms=0.322
sample=2 pred=9 label=9 ok=1 elapsed_ms=0.317
sample=3 pred=4 label=4 ok=1 elapsed_ms=0.325
sample=4 pred=1 label=1 ok=1 elapsed_ms=0.322
sample=5 pred=1 label=1 ok=1 elapsed_ms=0.322
sample=6 pred=2 label=2 ok=1 elapsed_ms=0.324
sample=7 pred=7 label=7 ok=1 elapsed_ms=0.324
sample=8 pred=8 label=8 ok=1 elapsed_ms=0.323
sample=9 pred=3 label=3 ok=1 elapsed_ms=0.319
sample=10 pred=4 label=4 ok=1 elapsed_ms=0.319
sample=11 pred=7 label=7 ok=1 elapsed_ms=0.322
sample=12 pred=7 label=7 ok=1 elapsed_ms=0.326
sample=13 pred=2 label=2 ok=1 elapsed_ms=0.319
sample=14 pred=9 label=9 ok=1 elapsed_ms=0.327
sample=15 pred=9 label=9 ok=1 elapsed_ms=0.321
sample=16 pred=9 label=9 ok=1 elapsed_ms=0.319
sample=17 pred=3 label=3 ok=1 elapsed_ms=0.325
sample=18 pred=2 label=2 ok=1 elapsed_ms=0.319
sample=19 pred=6 label=6 ok=1 elapsed_ms=0.320
sample=20 pred=4 label=4 ok=1 elapsed_ms=0.319
sample=21 pred=3 label=3 ok=1 elapsed_ms=0.320
sample=22 pred=6 label=6 ok=1 elapsed_ms=0.326
sample=23 pred=6 label=6 ok=1 elapsed_ms=0.321
sample=24 pred=2 label=2 ok=1 elapsed_ms=0.327
sample=25 pred=6 label=6 ok=1 elapsed_ms=0.327
sample=26 pred=3 label=3 ok=1 elapsed_ms=0.322
sample=27 pred=5 label=5 ok=1 elapsed_ms=0.327
sample=28 pred=4 label=4 ok=1 elapsed_ms=0.326
sample=29 pred=0 label=0 ok=1 elapsed_ms=0.325
sample=30 pred=0 label=0 ok=1 elapsed_ms=0.327
sample=31 pred=9 label=9 ok=1 elapsed_ms=0.322
sample=32 pred=1 label=1 ok=1 elapsed_ms=0.324
sample=33 pred=3 label=3 ok=1 elapsed_ms=0.323
sample=34 pred=4 label=4 ok=1 elapsed_ms=0.324
sample=35 pred=0 label=0 ok=1 elapsed_ms=0.326
sample=36 pred=3 label=3 ok=1 elapsed_ms=0.323
sample=37 pred=7 label=7 ok=1 elapsed_ms=0.323
sample=38 pred=3 label=3 ok=1 elapsed_ms=0.325
sample=39 pred=3 label=3 ok=1 elapsed_ms=0.325
sample=40 pred=5 label=5 ok=1 elapsed_ms=0.325
sample=41 pred=2 label=2 ok=1 elapsed_ms=0.325
sample=42 pred=2 label=2 ok=1 elapsed_ms=0.325
sample=43 pred=7 label=7 ok=1 elapsed_ms=0.325
sample=44 pred=1 label=1 ok=1 elapsed_ms=0.327
sample=45 pred=1 label=1 ok=1 elapsed_ms=0.324
sample=46 pred=1 label=1 ok=1 elapsed_ms=0.326
sample=47 pred=2 label=2 ok=1 elapsed_ms=0.323
sample=48 pred=2 label=2 ok=1 elapsed_ms=0.323
sample=49 pred=0 label=0 ok=1 elapsed_ms=0.325
sample=50 pred=9 label=9 ok=1 elapsed_ms=0.325
sample=51 pred=3 label=5 ok=0 elapsed_ms=0.324
sample=52 pred=7 label=7 ok=1 elapsed_ms=0.319
sample=53 pred=9 label=9 ok=1 elapsed_ms=0.321
sample=54 pred=2 label=2 ok=1 elapsed_ms=0.321
sample=55 pred=2 label=2 ok=1 elapsed_ms=0.320
sample=56 pred=5 label=5 ok=1 elapsed_ms=0.323
sample=57 pred=2 label=2 ok=1 elapsed_ms=0.321
sample=58 pred=4 label=4 ok=1 elapsed_ms=0.323
sample=59 pred=3 label=3 ok=1 elapsed_ms=0.322
sample=60 pred=1 label=1 ok=1 elapsed_ms=0.322
sample=61 pred=1 label=1 ok=1 elapsed_ms=0.321
sample=62 pred=8 label=8 ok=1 elapsed_ms=0.325
sample=63 pred=2 label=2 ok=1 elapsed_ms=0.323
sample=64 pred=1 label=1 ok=1 elapsed_ms=0.323
sample=65 pred=1 label=1 ok=1 elapsed_ms=0.321
sample=66 pred=4 label=4 ok=1 elapsed_ms=0.322
sample=67 pred=9 label=9 ok=1 elapsed_ms=0.322
sample=68 pred=7 label=7 ok=1 elapsed_ms=0.319
sample=69 pred=8 label=8 ok=1 elapsed_ms=0.319
sample=70 pred=5 label=5 ok=1 elapsed_ms=0.323
sample=71 pred=9 label=9 ok=1 elapsed_ms=0.319
sample=72 pred=6 label=6 ok=1 elapsed_ms=0.321
sample=73 pred=7 label=7 ok=1 elapsed_ms=0.318
sample=74 pred=3 label=3 ok=1 elapsed_ms=0.320
sample=75 pred=1 label=1 ok=1 elapsed_ms=0.319
sample=76 pred=9 label=9 ok=1 elapsed_ms=0.318
sample=77 pred=0 label=0 ok=1 elapsed_ms=0.319
sample=78 pred=3 label=3 ok=1 elapsed_ms=0.320
sample=79 pred=1 label=1 ok=1 elapsed_ms=0.319
sample=80 pred=3 label=3 ok=1 elapsed_ms=0.320
sample=81 pred=5 label=5 ok=1 elapsed_ms=0.322
sample=82 pred=4 label=4 ok=1 elapsed_ms=0.351
sample=83 pred=3 label=5 ok=0 elapsed_ms=0.326
sample=84 pred=7 label=7 ok=1 elapsed_ms=0.327
sample=85 pred=7 label=7 ok=1 elapsed_ms=0.317
sample=86 pred=4 label=4 ok=1 elapsed_ms=0.325
sample=87 pred=7 label=7 ok=1 elapsed_ms=0.304
sample=88 pred=9 label=9 ok=1 elapsed_ms=0.326
sample=89 pred=4 label=4 ok=1 elapsed_ms=0.328
sample=90 pred=2 label=2 ok=1 elapsed_ms=0.327
sample=91 pred=3 label=3 ok=1 elapsed_ms=0.326
sample=92 pred=8 label=8 ok=1 elapsed_ms=0.324
sample=93 pred=0 label=0 ok=1 elapsed_ms=0.325
sample=94 pred=1 label=1 ok=1 elapsed_ms=0.325
sample=95 pred=6 label=6 ok=1 elapsed_ms=0.325
sample=96 pred=1 label=1 ok=1 elapsed_ms=0.324
sample=97 pred=1 label=1 ok=1 elapsed_ms=0.324
sample=98 pred=4 label=4 ok=1 elapsed_ms=0.325
sample=99 pred=1 label=1 ok=1 elapsed_ms=0.328
AP_CTRL after=0x0000000e
avg_elapsed_ms=0.323
kernel_polling_fps=3096.097
accuracy=98/100 = 98.00%
